running egg_info
creating ../build/hoi4ndota2/hoi4ndota2.egg-info
writing ../build/hoi4ndota2/hoi4ndota2.egg-info/PKG-INFO
writing dependency_links to ../build/hoi4ndota2/hoi4ndota2.egg-info/dependency_links.txt
writing requirements to ../build/hoi4ndota2/hoi4ndota2.egg-info/requires.txt
writing top-level names to ../build/hoi4ndota2/hoi4ndota2.egg-info/top_level.txt
writing manifest file '../build/hoi4ndota2/hoi4ndota2.egg-info/SOURCES.txt'
reading manifest file '../build/hoi4ndota2/hoi4ndota2.egg-info/SOURCES.txt'
writing manifest file '../build/hoi4ndota2/hoi4ndota2.egg-info/SOURCES.txt'
running build
running build_py
creating /home/hrusha/ros2_ws3/src/build/hoi4ndota2/build
creating /home/hrusha/ros2_ws3/src/build/hoi4ndota2/build/lib
creating /home/hrusha/ros2_ws3/src/build/hoi4ndota2/build/lib/hoi4ndota2
copying hoi4ndota2/__init__.py -> /home/hrusha/ros2_ws3/src/build/hoi4ndota2/build/lib/hoi4ndota2
running install
running install_lib
creating /home/hrusha/ros2_ws3/src/install/hoi4ndota2/lib/python3.12/site-packages/hoi4ndota2
copying /home/hrusha/ros2_ws3/src/build/hoi4ndota2/build/lib/hoi4ndota2/__init__.py -> /home/hrusha/ros2_ws3/src/install/hoi4ndota2/lib/python3.12/site-packages/hoi4ndota2
byte-compiling /home/hrusha/ros2_ws3/src/install/hoi4ndota2/lib/python3.12/site-packages/hoi4ndota2/__init__.py to __init__.cpython-312.pyc
running install_data
creating /home/hrusha/ros2_ws3/src/install/hoi4ndota2/share/ament_index
creating /home/hrusha/ros2_ws3/src/install/hoi4ndota2/share/ament_index/resource_index
creating /home/hrusha/ros2_ws3/src/install/hoi4ndota2/share/ament_index/resource_index/packages
copying resource/hoi4ndota2 -> /home/hrusha/ros2_ws3/src/install/hoi4ndota2/share/ament_index/resource_index/packages
copying package.xml -> /home/hrusha/ros2_ws3/src/install/hoi4ndota2/share/hoi4ndota2
running install_egg_info
Copying ../build/hoi4ndota2/hoi4ndota2.egg-info to /home/hrusha/ros2_ws3/src/install/hoi4ndota2/lib/python3.12/site-packages/hoi4ndota2-0.0.0-py3.12.egg-info
running install_scripts
writing list of installed files to '/home/hrusha/ros2_ws3/src/build/hoi4ndota2/install.log'
