[0.698s] Invoking command in '/home/hrusha/ros2_ws3/src/hoi4ndota2': DEBUGINFOD_URLS=https://debuginfod.ubuntu.com PYTHONPATH=/home/hrusha/ros2_ws3/src/build/hoi4ndota2/prefix_override:/usr/lib/python3/dist-packages/colcon_core/task/python/colcon_distutils_commands:/home/hrusha/ros2_ws3/src/install/hoi4ndota2/lib/python3.12/site-packages:${PYTHONPATH} /usr/bin/python3 -W ignore:setup.py install is deprecated -W ignore:easy_install command is deprecated setup.py egg_info --egg-base ../build/hoi4ndota2 build --build-base /home/hrusha/ros2_ws3/src/build/hoi4ndota2/build install --record /home/hrusha/ros2_ws3/src/build/hoi4ndota2/install.log --single-version-externally-managed install_data
[0.887s] running egg_info
[0.887s] creating ../build/hoi4ndota2/hoi4ndota2.egg-info
[0.900s] writing ../build/hoi4ndota2/hoi4ndota2.egg-info/PKG-INFO
[0.901s] writing dependency_links to ../build/hoi4ndota2/hoi4ndota2.egg-info/dependency_links.txt
[0.901s] writing requirements to ../build/hoi4ndota2/hoi4ndota2.egg-info/requires.txt
[0.901s] writing top-level names to ../build/hoi4ndota2/hoi4ndota2.egg-info/top_level.txt
[0.901s] writing manifest file '../build/hoi4ndota2/hoi4ndota2.egg-info/SOURCES.txt'
[0.929s] reading manifest file '../build/hoi4ndota2/hoi4ndota2.egg-info/SOURCES.txt'
[0.930s] writing manifest file '../build/hoi4ndota2/hoi4ndota2.egg-info/SOURCES.txt'
[0.930s] running build
[0.930s] running build_py
[0.930s] creating /home/hrusha/ros2_ws3/src/build/hoi4ndota2/build
[0.930s] creating /home/hrusha/ros2_ws3/src/build/hoi4ndota2/build/lib
[0.930s] creating /home/hrusha/ros2_ws3/src/build/hoi4ndota2/build/lib/hoi4ndota2
[0.930s] copying hoi4ndota2/__init__.py -> /home/hrusha/ros2_ws3/src/build/hoi4ndota2/build/lib/hoi4ndota2
[0.930s] running install
[0.934s] running install_lib
[0.948s] creating /home/hrusha/ros2_ws3/src/install/hoi4ndota2/lib/python3.12/site-packages/hoi4ndota2
[0.948s] copying /home/hrusha/ros2_ws3/src/build/hoi4ndota2/build/lib/hoi4ndota2/__init__.py -> /home/hrusha/ros2_ws3/src/install/hoi4ndota2/lib/python3.12/site-packages/hoi4ndota2
[0.948s] byte-compiling /home/hrusha/ros2_ws3/src/install/hoi4ndota2/lib/python3.12/site-packages/hoi4ndota2/__init__.py to __init__.cpython-312.pyc
[0.948s] running install_data
[0.949s] creating /home/hrusha/ros2_ws3/src/install/hoi4ndota2/share/ament_index
[0.949s] creating /home/hrusha/ros2_ws3/src/install/hoi4ndota2/share/ament_index/resource_index
[0.949s] creating /home/hrusha/ros2_ws3/src/install/hoi4ndota2/share/ament_index/resource_index/packages
[0.949s] copying resource/hoi4ndota2 -> /home/hrusha/ros2_ws3/src/install/hoi4ndota2/share/ament_index/resource_index/packages
[0.949s] copying package.xml -> /home/hrusha/ros2_ws3/src/install/hoi4ndota2/share/hoi4ndota2
[0.949s] running install_egg_info
[0.963s] Copying ../build/hoi4ndota2/hoi4ndota2.egg-info to /home/hrusha/ros2_ws3/src/install/hoi4ndota2/lib/python3.12/site-packages/hoi4ndota2-0.0.0-py3.12.egg-info
[0.964s] running install_scripts
[1.063s] writing list of installed files to '/home/hrusha/ros2_ws3/src/build/hoi4ndota2/install.log'
[1.079s] Invoked command in '/home/hrusha/ros2_ws3/src/hoi4ndota2' returned '0': DEBUGINFOD_URLS=https://debuginfod.ubuntu.com PYTHONPATH=/home/hrusha/ros2_ws3/src/build/hoi4ndota2/prefix_override:/usr/lib/python3/dist-packages/colcon_core/task/python/colcon_distutils_commands:/home/hrusha/ros2_ws3/src/install/hoi4ndota2/lib/python3.12/site-packages:${PYTHONPATH} /usr/bin/python3 -W ignore:setup.py install is deprecated -W ignore:easy_install command is deprecated setup.py egg_info --egg-base ../build/hoi4ndota2 build --build-base /home/hrusha/ros2_ws3/src/build/hoi4ndota2/build install --record /home/hrusha/ros2_ws3/src/build/hoi4ndota2/install.log --single-version-externally-managed install_data
