[0.098s] DEBUG:colcon:Command line arguments: ['/usr/bin/colcon', 'build']
[0.099s] DEBUG:colcon:Parsed command line arguments: Namespace(log_base=None, log_level=None, verb_name='build', build_base='build', install_base='install', merge_install=False, symlink_install=False, test_result_base=None, continue_on_error=False, executor='parallel', parallel_workers=16, event_handlers=None, ignore_user_meta=False, metas=['./colcon.meta'], base_paths=['.'], packages_ignore=None, packages_ignore_regex=None, paths=None, packages_up_to=None, packages_up_to_regex=None, packages_above=None, packages_above_and_dependencies=None, packages_above_depth=None, packages_select_by_dep=None, packages_skip_by_dep=None, packages_skip_up_to=None, packages_select_build_failed=False, packages_skip_build_finished=False, packages_select_test_failures=False, packages_skip_test_passed=False, packages_select=None, packages_skip=None, packages_select_regex=None, packages_skip_regex=None, packages_start=None, packages_end=None, allow_overriding=[], cmake_args=None, cmake_target=None, cmake_target_skip_unavailable=False, cmake_clean_cache=False, cmake_clean_first=False, cmake_force_configure=False, ament_cmake_args=None, catkin_cmake_args=None, catkin_skip_building_tests=False, mixin_files=None, mixin=None, verb_parser=<colcon_mixin.mixin.mixin_argument.MixinArgumentDecorator object at 0x77f4eeef84d0>, verb_extension=<colcon_core.verb.build.BuildVerb object at 0x77f4eeecf740>, main=<bound method BuildVerb.main of <colcon_core.verb.build.BuildVerb object at 0x77f4eeecf740>>, mixin_verb=('build',))
[0.139s] Level 1:colcon.colcon_core.package_discovery:discover_packages(colcon_meta) check parameters
[0.139s] Level 1:colcon.colcon_core.package_discovery:discover_packages(recursive) check parameters
[0.139s] Level 1:colcon.colcon_core.package_discovery:discover_packages(ignore) check parameters
[0.139s] Level 1:colcon.colcon_core.package_discovery:discover_packages(path) check parameters
[0.139s] Level 1:colcon.colcon_core.package_discovery:discover_packages(colcon_meta) discover
[0.139s] Level 1:colcon.colcon_core.package_discovery:discover_packages(recursive) discover
[0.139s] INFO:colcon.colcon_core.package_discovery:Crawling recursively for packages in '/home/hrusha/ros2_ws3/src'
[0.139s] Level 1:colcon.colcon_core.package_identification:_identify(.) by extensions ['ignore', 'ignore_ament_install']
[0.139s] Level 1:colcon.colcon_core.package_identification:_identify(.) by extension 'ignore'
[0.139s] Level 1:colcon.colcon_core.package_identification:_identify(.) by extension 'ignore_ament_install'
[0.139s] Level 1:colcon.colcon_core.package_identification:_identify(.) by extensions ['colcon_pkg']
[0.139s] Level 1:colcon.colcon_core.package_identification:_identify(.) by extension 'colcon_pkg'
[0.139s] Level 1:colcon.colcon_core.package_identification:_identify(.) by extensions ['colcon_meta']
[0.139s] Level 1:colcon.colcon_core.package_identification:_identify(.) by extension 'colcon_meta'
[0.139s] Level 1:colcon.colcon_core.package_identification:_identify(.) by extensions ['ros']
[0.139s] Level 1:colcon.colcon_core.package_identification:_identify(.) by extension 'ros'
[0.154s] Level 1:colcon.colcon_core.package_identification:_identify(.) by extensions ['cmake', 'python']
[0.154s] Level 1:colcon.colcon_core.package_identification:_identify(.) by extension 'cmake'
[0.154s] Level 1:colcon.colcon_core.package_identification:_identify(.) by extension 'python'
[0.154s] Level 1:colcon.colcon_core.package_identification:_identify(.) by extensions ['python_setup_py']
[0.154s] Level 1:colcon.colcon_core.package_identification:_identify(.) by extension 'python_setup_py'
[0.154s] Level 1:colcon.colcon_core.package_identification:_identify(build) by extensions ['ignore', 'ignore_ament_install']
[0.155s] Level 1:colcon.colcon_core.package_identification:_identify(build) by extension 'ignore'
[0.155s] Level 1:colcon.colcon_core.package_identification:_identify(build) ignored
[0.155s] Level 1:colcon.colcon_core.package_identification:_identify(hoi4ndota2) by extensions ['ignore', 'ignore_ament_install']
[0.155s] Level 1:colcon.colcon_core.package_identification:_identify(hoi4ndota2) by extension 'ignore'
[0.155s] Level 1:colcon.colcon_core.package_identification:_identify(hoi4ndota2) by extension 'ignore_ament_install'
[0.155s] Level 1:colcon.colcon_core.package_identification:_identify(hoi4ndota2) by extensions ['colcon_pkg']
[0.155s] Level 1:colcon.colcon_core.package_identification:_identify(hoi4ndota2) by extension 'colcon_pkg'
[0.155s] Level 1:colcon.colcon_core.package_identification:_identify(hoi4ndota2) by extensions ['colcon_meta']
[0.155s] Level 1:colcon.colcon_core.package_identification:_identify(hoi4ndota2) by extension 'colcon_meta'
[0.155s] Level 1:colcon.colcon_core.package_identification:_identify(hoi4ndota2) by extensions ['ros']
[0.155s] Level 1:colcon.colcon_core.package_identification:_identify(hoi4ndota2) by extension 'ros'
[0.157s] DEBUG:colcon.colcon_core.package_identification:Package 'hoi4ndota2' with type 'ros.ament_python' and name 'hoi4ndota2'
[0.157s] Level 1:colcon.colcon_core.package_identification:_identify(install) by extensions ['ignore', 'ignore_ament_install']
[0.157s] Level 1:colcon.colcon_core.package_identification:_identify(install) by extension 'ignore'
[0.157s] Level 1:colcon.colcon_core.package_identification:_identify(install) ignored
[0.157s] Level 1:colcon.colcon_core.package_identification:_identify(log) by extensions ['ignore', 'ignore_ament_install']
[0.157s] Level 1:colcon.colcon_core.package_identification:_identify(log) by extension 'ignore'
[0.157s] Level 1:colcon.colcon_core.package_identification:_identify(log) ignored
[0.157s] Level 1:colcon.colcon_core.package_discovery:discover_packages(recursive) using defaults
[0.157s] Level 1:colcon.colcon_core.package_discovery:discover_packages(ignore) discover
[0.157s] Level 1:colcon.colcon_core.package_discovery:discover_packages(ignore) using defaults
[0.157s] Level 1:colcon.colcon_core.package_discovery:discover_packages(path) discover
[0.157s] Level 1:colcon.colcon_core.package_discovery:discover_packages(path) using defaults
[0.172s] Level 1:colcon.colcon_core.package_discovery:discover_packages(prefix_path) check parameters
[0.172s] Level 1:colcon.colcon_core.package_discovery:discover_packages(prefix_path) discover
[0.175s] DEBUG:colcon.colcon_installed_package_information.package_discovery:Found 0 installed packages in /home/hrusha/ros2_ws_kesha_3487/install
[0.175s] DEBUG:colcon.colcon_installed_package_information.package_discovery:Found 8 installed packages in /home/hrusha/ros2_ws_Arya/install
[0.176s] DEBUG:colcon.colcon_installed_package_information.package_discovery:Found 32 installed packages in /home/hrusha/ros2_ws/install
[0.178s] DEBUG:colcon.colcon_installed_package_information.package_discovery:Found 373 installed packages in /opt/ros/jazzy
[0.178s] Level 1:colcon.colcon_core.package_discovery:discover_packages(prefix_path) using defaults
[0.214s] Level 5:colcon.colcon_core.verb:set package 'hoi4ndota2' build argument 'cmake_args' from command line to 'None'
[0.214s] Level 5:colcon.colcon_core.verb:set package 'hoi4ndota2' build argument 'cmake_target' from command line to 'None'
[0.214s] Level 5:colcon.colcon_core.verb:set package 'hoi4ndota2' build argument 'cmake_target_skip_unavailable' from command line to 'False'
[0.214s] Level 5:colcon.colcon_core.verb:set package 'hoi4ndota2' build argument 'cmake_clean_cache' from command line to 'False'
[0.214s] Level 5:colcon.colcon_core.verb:set package 'hoi4ndota2' build argument 'cmake_clean_first' from command line to 'False'
[0.214s] Level 5:colcon.colcon_core.verb:set package 'hoi4ndota2' build argument 'cmake_force_configure' from command line to 'False'
[0.214s] Level 5:colcon.colcon_core.verb:set package 'hoi4ndota2' build argument 'ament_cmake_args' from command line to 'None'
[0.214s] Level 5:colcon.colcon_core.verb:set package 'hoi4ndota2' build argument 'catkin_cmake_args' from command line to 'None'
[0.214s] Level 5:colcon.colcon_core.verb:set package 'hoi4ndota2' build argument 'catkin_skip_building_tests' from command line to 'False'
[0.214s] DEBUG:colcon.colcon_core.verb:Building package 'hoi4ndota2' with the following arguments: {'ament_cmake_args': None, 'build_base': '/home/hrusha/ros2_ws3/src/build/hoi4ndota2', 'catkin_cmake_args': None, 'catkin_skip_building_tests': False, 'cmake_args': None, 'cmake_clean_cache': False, 'cmake_clean_first': False, 'cmake_force_configure': False, 'cmake_target': None, 'cmake_target_skip_unavailable': False, 'install_base': '/home/hrusha/ros2_ws3/src/install/hoi4ndota2', 'merge_install': False, 'path': '/home/hrusha/ros2_ws3/src/hoi4ndota2', 'symlink_install': False, 'test_result_base': None}
[0.214s] INFO:colcon.colcon_core.executor:Executing jobs using 'parallel' executor
[0.215s] DEBUG:colcon.colcon_parallel_executor.executor.parallel:run_until_complete
[0.215s] INFO:colcon.colcon_ros.task.ament_python.build:Building ROS package in '/home/hrusha/ros2_ws3/src/hoi4ndota2' with build type 'ament_python'
[0.215s] Level 1:colcon.colcon_core.shell:create_environment_hook('hoi4ndota2', 'ament_prefix_path')
[0.220s] INFO:colcon.colcon_core.plugin_system:Skipping extension 'colcon_core.shell.bat': Not used on non-Windows systems
[0.220s] INFO:colcon.colcon_core.shell:Creating environment hook '/home/hrusha/ros2_ws3/src/install/hoi4ndota2/share/hoi4ndota2/hook/ament_prefix_path.ps1'
[0.221s] INFO:colcon.colcon_core.shell:Creating environment descriptor '/home/hrusha/ros2_ws3/src/install/hoi4ndota2/share/hoi4ndota2/hook/ament_prefix_path.dsv'
[0.221s] INFO:colcon.colcon_core.shell:Creating environment hook '/home/hrusha/ros2_ws3/src/install/hoi4ndota2/share/hoi4ndota2/hook/ament_prefix_path.sh'
[0.221s] INFO:colcon.colcon_core.shell:Skip shell extension 'powershell' for command environment: Not usable outside of PowerShell
[0.221s] DEBUG:colcon.colcon_core.shell:Skip shell extension 'dsv' for command environment
[0.377s] INFO:colcon.colcon_core.task.python.build:Building Python package in '/home/hrusha/ros2_ws3/src/hoi4ndota2'
[0.377s] INFO:colcon.colcon_core.shell:Skip shell extension 'powershell' for command environment: Not usable outside of PowerShell
[0.377s] DEBUG:colcon.colcon_core.shell:Skip shell extension 'dsv' for command environment
[0.914s] DEBUG:colcon.colcon_core.event_handler.log_command:Invoking command in '/home/hrusha/ros2_ws3/src/hoi4ndota2': DEBUGINFOD_URLS=https://debuginfod.ubuntu.com PYTHONPATH=/home/hrusha/ros2_ws3/src/build/hoi4ndota2/prefix_override:/usr/lib/python3/dist-packages/colcon_core/task/python/colcon_distutils_commands:/home/hrusha/ros2_ws3/src/install/hoi4ndota2/lib/python3.12/site-packages:${PYTHONPATH} /usr/bin/python3 -W ignore:setup.py install is deprecated -W ignore:easy_install command is deprecated setup.py egg_info --egg-base ../build/hoi4ndota2 build --build-base /home/hrusha/ros2_ws3/src/build/hoi4ndota2/build install --record /home/hrusha/ros2_ws3/src/build/hoi4ndota2/install.log --single-version-externally-managed install_data
[1.295s] DEBUG:colcon.colcon_core.event_handler.log_command:Invoked command in '/home/hrusha/ros2_ws3/src/hoi4ndota2' returned '0': DEBUGINFOD_URLS=https://debuginfod.ubuntu.com PYTHONPATH=/home/hrusha/ros2_ws3/src/build/hoi4ndota2/prefix_override:/usr/lib/python3/dist-packages/colcon_core/task/python/colcon_distutils_commands:/home/hrusha/ros2_ws3/src/install/hoi4ndota2/lib/python3.12/site-packages:${PYTHONPATH} /usr/bin/python3 -W ignore:setup.py install is deprecated -W ignore:easy_install command is deprecated setup.py egg_info --egg-base ../build/hoi4ndota2 build --build-base /home/hrusha/ros2_ws3/src/build/hoi4ndota2/build install --record /home/hrusha/ros2_ws3/src/build/hoi4ndota2/install.log --single-version-externally-managed install_data
[1.301s] Level 1:colcon.colcon_core.environment:checking '/home/hrusha/ros2_ws3/src/install/hoi4ndota2' for CMake module files
[1.301s] Level 1:colcon.colcon_core.environment:checking '/home/hrusha/ros2_ws3/src/install/hoi4ndota2' for CMake config files
[1.301s] Level 1:colcon.colcon_core.environment:checking '/home/hrusha/ros2_ws3/src/install/hoi4ndota2/lib'
[1.302s] Level 1:colcon.colcon_core.environment:checking '/home/hrusha/ros2_ws3/src/install/hoi4ndota2/bin'
[1.302s] Level 1:colcon.colcon_core.environment:checking '/home/hrusha/ros2_ws3/src/install/hoi4ndota2/lib/pkgconfig/hoi4ndota2.pc'
[1.302s] Level 1:colcon.colcon_core.environment:checking '/home/hrusha/ros2_ws3/src/install/hoi4ndota2/lib/python3.12/site-packages'
[1.302s] Level 1:colcon.colcon_core.shell:create_environment_hook('hoi4ndota2', 'pythonpath')
[1.302s] INFO:colcon.colcon_core.shell:Creating environment hook '/home/hrusha/ros2_ws3/src/install/hoi4ndota2/share/hoi4ndota2/hook/pythonpath.ps1'
[1.302s] INFO:colcon.colcon_core.shell:Creating environment descriptor '/home/hrusha/ros2_ws3/src/install/hoi4ndota2/share/hoi4ndota2/hook/pythonpath.dsv'
[1.302s] INFO:colcon.colcon_core.shell:Creating environment hook '/home/hrusha/ros2_ws3/src/install/hoi4ndota2/share/hoi4ndota2/hook/pythonpath.sh'
[1.303s] Level 1:colcon.colcon_core.environment:checking '/home/hrusha/ros2_ws3/src/install/hoi4ndota2/bin'
[1.303s] Level 1:colcon.colcon_core.environment:create_environment_scripts_only(hoi4ndota2)
[1.303s] INFO:colcon.colcon_core.shell:Creating package script '/home/hrusha/ros2_ws3/src/install/hoi4ndota2/share/hoi4ndota2/package.ps1'
[1.303s] INFO:colcon.colcon_core.shell:Creating package descriptor '/home/hrusha/ros2_ws3/src/install/hoi4ndota2/share/hoi4ndota2/package.dsv'
[1.304s] INFO:colcon.colcon_core.shell:Creating package script '/home/hrusha/ros2_ws3/src/install/hoi4ndota2/share/hoi4ndota2/package.sh'
[1.304s] INFO:colcon.colcon_core.shell:Creating package script '/home/hrusha/ros2_ws3/src/install/hoi4ndota2/share/hoi4ndota2/package.bash'
[1.305s] INFO:colcon.colcon_core.shell:Creating package script '/home/hrusha/ros2_ws3/src/install/hoi4ndota2/share/hoi4ndota2/package.zsh'
[1.305s] Level 1:colcon.colcon_core.environment:create_file_with_runtime_dependencies(/home/hrusha/ros2_ws3/src/install/hoi4ndota2/share/colcon-core/packages/hoi4ndota2)
[1.305s] DEBUG:colcon.colcon_parallel_executor.executor.parallel:closing loop
[1.305s] DEBUG:colcon.colcon_parallel_executor.executor.parallel:loop closed
[1.306s] DEBUG:colcon.colcon_parallel_executor.executor.parallel:run_until_complete finished with '0'
[1.306s] DEBUG:colcon.colcon_core.event_reactor:joining thread
[1.312s] INFO:colcon.colcon_core.plugin_system:Skipping extension 'colcon_notification.desktop_notification.terminal_notifier': Not used on non-Darwin systems
[1.312s] INFO:colcon.colcon_core.plugin_system:Skipping extension 'colcon_notification.desktop_notification.win32': Not used on non-Windows systems
[1.312s] INFO:colcon.colcon_notification.desktop_notification:Sending desktop notification using 'notify2'
[1.323s] DEBUG:colcon.colcon_core.event_reactor:joined thread
[1.323s] INFO:colcon.colcon_core.shell:Creating prefix script '/home/hrusha/ros2_ws3/src/install/local_setup.ps1'
[1.324s] INFO:colcon.colcon_core.shell:Creating prefix util module '/home/hrusha/ros2_ws3/src/install/_local_setup_util_ps1.py'
[1.325s] INFO:colcon.colcon_core.shell:Creating prefix chain script '/home/hrusha/ros2_ws3/src/install/setup.ps1'
[1.326s] INFO:colcon.colcon_core.shell:Creating prefix script '/home/hrusha/ros2_ws3/src/install/local_setup.sh'
[1.327s] INFO:colcon.colcon_core.shell:Creating prefix util module '/home/hrusha/ros2_ws3/src/install/_local_setup_util_sh.py'
[1.327s] INFO:colcon.colcon_core.shell:Creating prefix chain script '/home/hrusha/ros2_ws3/src/install/setup.sh'
[1.328s] INFO:colcon.colcon_core.shell:Creating prefix script '/home/hrusha/ros2_ws3/src/install/local_setup.bash'
[1.329s] INFO:colcon.colcon_core.shell:Creating prefix chain script '/home/hrusha/ros2_ws3/src/install/setup.bash'
[1.330s] INFO:colcon.colcon_core.shell:Creating prefix script '/home/hrusha/ros2_ws3/src/install/local_setup.zsh'
[1.331s] INFO:colcon.colcon_core.shell:Creating prefix chain script '/home/hrusha/ros2_ws3/src/install/setup.zsh'
